📄 Log file: /home/tee/VSites/node/pple-volunteers/scripts/logs/backfill-forum-2026-09-04T16-48-53.log
🤖 logged in as PPLE Test#9780
พบ 1 forum channel(s)


📂 💬┆กระทู้-อำเภอ (1223929014998274128)
   พบ 91 posts
   • Outing ราชบุรี 2026 ครั้งที่ 3                     ✅ (4 msgs)
   • กิจกรรมพบปะผู้สูงอายุ ต.ชำแระ อ.โพธาราม            ✅ (81 msgs)
   • ท่องเที่ยวเชิงอนุรักษ์ดูนกเงือกบางกะม่า            ✅ (102 msgs)
   • [เตรียมงาน] การบริหารท้องถิ่น และสภา               ✅ (57 msgs)
   • โครงการสารคดีหนังกลางแปลง                          ✅ (62 msgs)
   • เสนอโครงการ ส.ค-ต.ค 69                             ✅ (23 msgs)
   • กลยุทธ์การสื่อสาร ใหม่                             ✅ (47 msgs)
   • ระดมไอเดีย Lecture Bar                             ✅ (15 msgs)
   • ผู้สนใจเข้าร่วมอบรม TOT 24-26 ก.ค. 69              ✅ (37 msgs)
   • เสนอโครงการ มิ.ย-ก.ค 69                            ✅ (76 msgs)
   • 📋 ค้นหาโพสต์ ใน 💬┆กระทู้-อำเภอ                   ✅ (0 msgs)
   • รวบรวมปัญหาแต่ละอำเภอ                              ✅ (30 msgs)
   • ชวนเสนอ “วาระจังหวัด”                              ✅ (152 msgs)
   • เรื่องที่ดิน ใกล้ตัวนิดเดียว At จอมบึง             ✅ (34 msgs)
   • รับสมัครทีมบริหารอบจ.                              ✅ (90 msgs)
   • เตรียมงาน Hack งบราชบุรี 70                        ✅ (165 msgs)
   • รับสมัครสมาชิกสัญจร ม.ตากแดด ต.ยางหัก              ✅ (35 msgs)
   • กิจกรรมรณรงค์ เลือกตั้งบอร์ดประกันสังคม            ✅ (17 msgs)
   • รับสมัคร สมาชิกบ้านชุกหว้า จอมบึง                  ✅ (22 msgs)
   • อบรมหลักสูตรผู้นำทางการเมือง กับ กกต               ✅ (30 msgs)
   • เสวนาการจัดตั้งกลุ่งการเกษตร เพื่อเข้าถึงการส่งเสร ✅ (8 msgs)
   • สั่งเสื้อแมวเท่ากัน                                ✅ (21 msgs)
   • เตรียมงานเดินป่าเขาแร้ง 07/06                      ✅ (42 msgs)
   • กิจกรรมการบริหารจัดการน้ำประปาชุมชนสัมพันธ์ ณ ต.รา ✅ (5 msgs)
   • เสนอโครงการ เม.ย.-มิ.ย 69                          ✅ (107 msgs)
   • จังหวัด : Open Call  จัดตั้งสมาชิกด้วยปลายนิ้ว     ✅ (183 msgs)
   • บางแพ : Welfare Warriors มุ่ง “เสริมอาวุธทางความคิ ✅ (64 msgs)
   • โพธาราม : โครงการสมาชิกสัมพันธ์ 9 พ.ค.             ✅ (57 msgs)
   • มะพร้าวน้ำหอม : งานติดตามการแก้ปัญหาราคามะพร้าวน้ำ ✅ (9 msgs)
   • หาสถานที่อบรมตัวแทนสมาชิกรอบราชบุรี วันที่ 22 มีนา ✅ (78 msgs)
   • บ้านโป่ง : เตรียมงานสมาชิกสัมพันธ์ 3 พ.ค.          ✅ (30 msgs)
   • ปากท่อ : เตรียมงานสมาชิกสัมพันธ์ 30 เมย 69         ✅ (79 msgs)
   • เตรียมงานจอมบึง 17/04/69                           ✅ (31 msgs)
   • เตรียมงานสวนผึ้ง                                   ✅ (40 msgs)
   • เตรียมงานแกะงบเมือง 24/03/69                       ✅ (31 msgs)
   • ปัญหาที่ดินสปก.รางบัวพิพาทกับป่าไม้                ✅ (5 msgs)
   • สมาชิกสัมพันธ์บ้านโป่ง เสาร์ 14 มี.ค. 69           ✅ (70 msgs)
   • เตรียมงานสมาชิกสัมพันธ์สวนผึ้ง 31/3/69             ✅ (2 msgs)
   • เตรียมงานสมาชิกสัมพันธ์ดำเนิน31/03/69              ✅ (13 msgs)
   • แผนงานจังหวัดปี 68                                 ✅ (87 msgs)
   • เสนอโครงการเดือน ม.ค-มี.ค 2569                     ✅ (59 msgs)
   • เตรียมงาน : คุยทีมจอมบึง 16/11/68                  ✅ (25 msgs)
   • เตรียมงาน : Update-ประกันสังคมเรื่องใกล้ตัวคนทำงาน ✅ (11 msgs)
   • เตรียมงาน : การแปรรูปเครื่องสำอางสมุนไพร           ✅ (74 msgs)
   • เสนอโครงการเดือน ต.ค. - ธ.ค. 2568                  ✅ (99 msgs)
   • เตรียมงาน : ทบทวนการทำงานปี 2025                   ✅ (110 msgs)
   • เตรียมงาน : Workshop ทำ Poll (บางแพ)               ✅ (80 msgs)
   • การพลิกฟื้น OTOP อำเภอจอมบึง                       ✅ (308 msgs)
   • เตรียมงาน : โพธาราม ลงพื้นที่เยี่ยมบ้านสมาชิกพรรค  ✅ (54 msgs)
   • Workshop แก้ไขปัญหาที่ดิน                          ✅ (120 msgs)
   • เสนอความคิดเห็นต่อ (ร่าง) นโยบายการเกษตร           ✅ (33 msgs)
   • ประเด็นเรื่องการต่อยอด นมสด                        ✅ (7 msgs)
   • วันที่ 9 กค. ประเพณีปลูกข้าวใหม่ชาวกะเหรี่ยง       ✅ (21 msgs)
   • สำรวจความต้องการ ความเห็น เกี่ยวกับพรรค และ สนามท้ ✅ (12 msgs)
   • เสนอโครงการเดือน ก.ค.-ก.ย. 68                      ✅ (88 msgs)
   • เสนอสัมนาเรื่องน้ำรางบัว                           ✅ (5 msgs)
   • เตรียมงานโครงการเทคนิคเก็บข้อมูลชุมชน              ✅ (129 msgs)
   • เตรียมงาน เสวนารับฟังความคิดเห็น นโยบายเกษตร       ✅ (168 msgs)
   • เตรียมงานตั้งตทอ.บ้านโป่ง 21 กันยา                 ✅ (122 msgs)
   • โครงการก่อสร้างทางหลวงพิเศษระหว่างเมือง  M8 นครปฐม ✅ (9 msgs)
   • กิจกรรมสมาชิกสัมพันธ์ แนะนำตัวผู้สมัคร ตทอ.บ้านโป่ ✅ (14 msgs)
   • งานดำเนินประเด็นมะพร้าวน้ำหอม วันที่ 8 สิงหา       ✅ (165 msgs)
   • ไปดูชาวบ้านแวกกาเบจรับเงินชนะคดี                   ✅ (52 msgs)
   • ร่วมกันตั้งชื่อ รายการ podcast พรรคประชาชน ราชบุรี ✅ (124 msgs)
   • ปากท่อ Connect : เชื่อมใจ ไขปัญหา 29 ก.ค. 68       ✅ (67 msgs)
   • ขอคำถามหรือความเห็น เกี่ยวกับ กกต หน่อยครับ        ✅ (50 msgs)
   • กสศ. เชิญเข้าร่วมประชุม วันที่ 6 มิ.ย. 68          ✅ (36 msgs)
   • Pride month in Banpong 29 มิย 68                   ✅ (274 msgs)
   • ชวนทำกิจกรรม Pride Month เดือนหน้า                 ✅ (284 msgs)
   • ชวนคุยปัญหายาเสพติดและพนันออนไลน์                  ✅ (5 msgs)
   • กมธ. ชุดไอติม จะมาลงราชบุรี 20 พ.ค.                ✅ (59 msgs)
   • ชวนผู้สมัครของพรรคลงทะเบียน PC101                  ✅ (4 msgs)
   • กิจกรรมเปิดบ้านพรรคประชาชน                         ✅ (4 msgs)
   • ชวนลงพื้นที่หาเสียง สท. เมือง                      ✅ (34 msgs)
   • ลงชื่ออาสาเฝ้าหน่วย อ.เมือง 16 หน่วย 16 คน         ✅ (172 msgs)
   • ฟังเสวนาแนวทางการแก้ไขปัญหาที่ดินรัฐสภา            ✅ (121 msgs)
   • สารคดีโรงแว๊กกาเบจ                                 ✅ (35 msgs)
   • ถ้าเราไม่ต้องทำงานประจำที่ทำอยู่?                  ✅ (8 msgs)
   • นัดสัมภาษณ์ผู้สมัคร Online ครั้งที่ 2              ✅ (23 msgs)
   • แจ้งเรื่องการตั้งห้องทีม อบจ.ราชบุรี               ✅ (9 msgs)
   • เสนอโครงการไตรมาส 3 - 2567 (ก.ค.-ก.ย.)             ✅ (19 msgs)
   • เตรียมงานวันที่25 ของอำเภอสวนผึ้ง ก้าวไปด้วยกันกับ ✅ (10 msgs)
   • เตรียมงาน Breaking in ratchaburi                   ✅ (129 msgs)
   • [ BREAKING THE CYCLE]                              ✅ (1 msgs)
   • ระดมคำถามถึงการทำงานของจังหวัด                     ✅ (426 msgs)
   • {นำเสนอหัวข้อการประชุมทีมรับเรื่องร้องเรียนและลงพื ✅ (90 msgs)
   • โครงการกับพี่น้องกลุ่มไร้สัญชาติ อ.สวนผึ้ง         ✅ (54 msgs)
   • โครงการประชุมนโยบาย อบจ 18 พ.ค.                    ✅ (108 msgs)
   • โครงการนั่งรถขนส่งสาธารณะราชบุรี                   ✅ (95 msgs)
   • ชวนสมาชิกไปดูหนัง Breaking the Cycle               ✅ (15 msgs)
   • นัดสัมภาษณ์ผู้สมัคร Online                         ✅ (61 msgs)
   ✅ เสร็จ — success: 91, error: 0
