📄 Log file: /home/tee/VSites/node/pple-volunteers/scripts/logs/backfill-forum-2026-09-04T16-51-10.log
🤖 logged in as PPLE Test#9780
พบ 1 forum channel(s)


📂 💬┆กระทู้-สมาชิกพรรค (1126491108004855878)
   พบ 37 posts
   • ถึงที่ประชุมตัวแทนภาคกลาง 22-23 ส.ค. @กาญจนบุรี    ✅ (81 msgs)
   • 📋 ค้นหาโพสต์ ใน 💬┆กระทู้-สมาชิกพรรค              ✅ (0 msgs)
   • ความเห็นต่อผู้สมัครหลังเลือกตั้ง                   ✅ (11 msgs)
   • ถอดบทเรียนเลือกตั้ง 69                             ✅ (14 msgs)
   • 7 ส.ค. หลักสูตรพรรคการเมืองคุณภาพ                  ✅ (61 msgs)
   • อบรม PP101 ไทยนำ 4 ก.ค.                            ✅ (9 msgs)
   • คิดเห็นอย่างไรกับการใช้บอทโพสต์เพจพรรค             ✅ (3 msgs)
   • รับสมัคร ทีม อพม.ประจำอำเภอ (พรรคประชาชน)          ✅ (125 msgs)
   • ประชุมสามัญ 24-26 เม.ย. 69                         ✅ (6 msgs)
   • งานเสวนา เกษตรกรรุ่นใหม่  ysf วันที่ 12 มกราคม 256 ✅ (20 msgs)
   • อาสาไฟป่าพุระกำ                                    ✅ (159 msgs)
   • ตามหาเยาวชนราชบุรี                                 ✅ (32 msgs)
   • ชวนทำปฏิทินงานใหญ่ของราชบุรี                       ✅ (33 msgs)
   • สมาชิกสัมพันธ์หลังเลือกตั้ง                        ✅ (13 msgs)
   • ขอความคิดเห็นหรือข้อเสนอแนะในสนามเลือกตั้งที่ผ่านม ✅ (10 msgs)
   • ราชบุรีเอาจริง : สมาชิกสัมพันธ์ กับ ธนาธร จึงรุ่งเ ✅ (20 msgs)
   • งานไพรมารี่โหวต+เปิดตัวผู้สมัคร                    ✅ (129 msgs)
   • Next Step ประชาชนราชบุรี                           ✅ (4 msgs)
   • [ภาคกลาง] โครงการอบรม Facilitators หลักสูตรสิทธิมน ✅ (19 msgs)
   • ผู้เข้าร่วมอบรม PC101                              ✅ (95 msgs)
   • กีฬาสัมพันธ์รางบัว                                 ✅ (144 msgs)
   • ผลการเลือกอธิการบดี มรภ.หมู่บ้านจอมบึง             ✅ (18 msgs)
   • ชวนสมาชิกร่วมแสดงความคิดเห็นต่อผู้สมัครลงเลือกตั้ง ✅ (13 msgs)
   • รวม Feedback จากกิจกรรมของจังหวัด                  ✅ (4 msgs)
   • หลักเกณฑ์ในการเบิกเงินจากกองทุนเพื่อการพัฒนาพรรคกา ✅ (3 msgs)
   • ชวนไปงาน Pride บ้านโป่งกันค่ะ                      ✅ (21 msgs)
   • ร่วมจับตางบประมาณปี 69 ค่ะ                         ✅ (40 msgs)
   • ตัวแทนสมาชิกพรรคระดับอำเภอที่อยากเห็น              ✅ (6 msgs)
   • คัดเลือกกรรมการสรรหา สนาม อบต.                     ✅ (39 msgs)
   • บริจาคเงินภาษีให้พรรคการเมือง                      ✅ (4 msgs)
   • อยากสร้างเพจเพื่อการแนวร่วมการเมืองท้องถิ่น        ✅ (5 msgs)
   • เป็นสมาชิกพรรคแล้วได้อะไร?                         ✅ (2 msgs)
   • ทริปมอบแอร์ให้โรงเรียนล่ม‼                         ✅ (10 msgs)
   • เรื่องน้ำดื่มในรร.                                 ✅ (12 msgs)
   • สงสัยครับ ทำไมจึงไม่ตอกเสาเข็มก่อนเทพื้นครับ?      ✅ (7 msgs)
   • ตามหาสมาชิกพรรคที่อยู่ในเขต ต.ท่าผา อ.บ้านโป่ง     ✅ (8 msgs)
   • สอบถามเรื่องแอพบัตรประชาชน                         ✅ (35 msgs)
   ✅ เสร็จ — success: 37, error: 0
